../Core/Src/main.c:82:5:__io_putchar	16	static
../Core/Src/main.c:95:5:main	48	static
../Core/Src/main.c:179:6:SystemClock_Config	88	static
../Core/Src/main.c:225:13:MX_NVIC_Init	8	static
../Core/Src/main.c:237:13:MX_ETH_Init	8	static
../Core/Src/main.c:286:13:MX_I2C1_Init	8	static
../Core/Src/main.c:397:13:MX_USART3_UART_Init	8	static
../Core/Src/main.c:430:13:MX_USB_OTG_FS_PCD_Init	8	static
../Core/Src/main.c:465:13:MX_GPIO_Init	56	static
../Core/Src/main.c:533:6:StartDefaultTask	16	static
../Core/Src/main.c:548:6:Error_Handler	4	static,ignoring_inline_asm
