../Core/Src/main.c:79:5:__io_putchar	16	static
../Core/Src/main.c:92:5:main	48	static
../Core/Src/main.c:172:6:SystemClock_Config	88	static
../Core/Src/main.c:217:13:MX_NVIC_Init	8	static
../Core/Src/main.c:229:13:MX_ETH_Init	8	static
../Core/Src/main.c:278:13:MX_I2C1_Init	8	static
../Core/Src/main.c:326:13:MX_USART3_UART_Init	8	static
../Core/Src/main.c:359:13:MX_USB_OTG_FS_PCD_Init	8	static
../Core/Src/main.c:394:13:MX_GPIO_Init	56	static
../Core/Src/main.c:455:6:StartDefaultTask	16	static
../Core/Src/main.c:470:6:Error_Handler	4	static,ignoring_inline_asm
