../Core/Src/main.c:162:5:_write	24	static
../Core/Src/main.c:169:6:get_RTC_time	16	static
../Core/Src/main.c:180:19:update_nvitems	72	static
../Core/Src/main.c:218:6:HAL_TIM_PeriodElapsedCallback	16	static
../Core/Src/main.c:261:6:showCurrentTime	48	static
../Core/Src/main.c:314:6:timeDisplay	24	static
../Core/Src/main.c:352:6:joyStick_btn_chk	8	static
../Core/Src/main.c:378:6:time_set_mode	16	static
../Core/Src/main.c:514:5:main	40	static
../Core/Src/main.c:610:6:SystemClock_Config	88	static
../Core/Src/main.c:654:13:MX_NVIC_Init	8	static
../Core/Src/main.c:674:13:MX_ADC1_Init	24	static
../Core/Src/main.c:731:13:MX_ETH_Init	8	static
../Core/Src/main.c:779:13:MX_I2C1_Init	8	static
../Core/Src/main.c:824:13:MX_RTC_Init	32	static
../Core/Src/main.c:883:13:MX_TIM3_Init	32	static
../Core/Src/main.c:925:13:MX_USART3_UART_Init	8	static
../Core/Src/main.c:956:13:MX_USB_OTG_FS_PCD_Init	8	static
../Core/Src/main.c:987:13:MX_DMA_Init	16	static
../Core/Src/main.c:1004:13:MX_GPIO_Init	56	static
../Core/Src/main.c:1066:6:HAL_GPIO_EXTI_Callback	16	static
../Core/Src/main.c:1106:14:readFlash	24	static
../Core/Src/main.c:1112:14:eraseFlash	16	static
../Core/Src/main.c:1201:10:GetSector	24	static
../Core/Src/main.c:1285:6:Error_Handler	4	static,ignoring_inline_asm
