../Core/Src/main.c:231:5:main	8	static
../Core/Src/main.c:323:6:SystemClock_Config	88	static
../Core/Src/main.c:369:13:MX_NVIC_Init	8	static
../Core/Src/main.c:396:13:MX_ADC1_Init	24	static
../Core/Src/main.c:457:13:MX_ETH_Init	8	static
../Core/Src/main.c:506:13:MX_I2C1_Init	8	static
../Core/Src/main.c:554:13:MX_RTC_Init	72	static
../Core/Src/main.c:638:13:MX_TIM2_Init	32	static
../Core/Src/main.c:683:13:MX_TIM3_Init	64	static
../Core/Src/main.c:742:13:MX_USART2_UART_Init	8	static
../Core/Src/main.c:775:13:MX_USART3_UART_Init	8	static
../Core/Src/main.c:808:13:MX_USB_OTG_FS_PCD_Init	8	static
../Core/Src/main.c:841:13:MX_DMA_Init	16	static
../Core/Src/main.c:859:13:MX_GPIO_Init	56	static
../Core/Src/main.c:921:6:HAL_GPIO_EXTI_Callback	16	static
../Core/Src/main.c:952:6:HAL_RTC_AlarmAEventCallback	24	static
../Core/Src/main.c:964:6:HAL_TIM_PeriodElapsedCallback	16	static
../Core/Src/main.c:982:6:HAL_UART_RxCpltCallback	16	static
../Core/Src/main.c:993:5:_write	24	static
../Core/Src/main.c:998:9:readFlash	24	static
../Core/Src/main.c:1006:6:init_getFlashTime	8	static
../Core/Src/main.c:1017:6:init_getFlashAlarm	8	static
../Core/Src/main.c:1028:6:init_getFlashMusic	8	static
../Core/Src/main.c:1035:6:lcd_clear	8	static
../Core/Src/main.c:1039:6:get_time	16	static
../Core/Src/main.c:1050:6:showCurrentTime	8	static
../Core/Src/main.c:1058:6:timeDisplay	24	static
../Core/Src/main.c:1103:19:joyStick_btn_chk	8	static
../Core/Src/main.c:1129:19:update_nvitems	72	static
../Core/Src/main.c:1175:6:time_set_mode	16	static
../Core/Src/main.c:1289:6:alarm_set_mode	16	static
../Core/Src/main.c:1405:6:music_set_mode	24	static
../Core/Src/main.c:1452:6:melodyPlay	24	static
../Core/Src/main.c:1475:6:musicDisplay	48	static
../Core/Src/main.c:1487:6:musicPlay	24	static
../Core/Src/main.c:1530:6:Error_Handler	4	static,ignoring_inline_asm
