../Core/Src/main.c:193:5:_write	24	static
../Core/Src/main.c:201:6:get_RTC_time	16	static
../Core/Src/main.c:228:6:lcd_clear	8	static
../Core/Src/main.c:232:19:update_nvitems	72	static
../Core/Src/main.c:276:6:HAL_TIM_PeriodElapsedCallback	16	static
../Core/Src/main.c:283:6:showCurrentTime	16	static
../Core/Src/main.c:301:6:timeDisplay	24	static
../Core/Src/main.c:340:19:joyStick_btn_chk	8	static
../Core/Src/main.c:366:6:time_set_mode	16	static
../Core/Src/main.c:489:5:main	40	static
../Core/Src/main.c:597:6:SystemClock_Config	88	static
../Core/Src/main.c:641:13:MX_NVIC_Init	8	static
../Core/Src/main.c:661:13:MX_ADC1_Init	24	static
../Core/Src/main.c:718:13:MX_ETH_Init	8	static
../Core/Src/main.c:766:13:MX_I2C1_Init	8	static
../Core/Src/main.c:811:13:MX_RTC_Init	32	static
../Core/Src/main.c:871:13:MX_TIM3_Init	32	static
../Core/Src/main.c:913:13:MX_USART3_UART_Init	8	static
../Core/Src/main.c:944:13:MX_USB_OTG_FS_PCD_Init	8	static
../Core/Src/main.c:975:13:MX_DMA_Init	16	static
../Core/Src/main.c:992:13:MX_GPIO_Init	56	static
../Core/Src/main.c:1054:6:HAL_GPIO_EXTI_Callback	16	static
../Core/Src/main.c:1094:14:readFlash	24	static
../Core/Src/main.c:1100:14:eraseFlash	16	static
../Core/Src/main.c:1189:10:GetSector	24	static
../Core/Src/main.c:1273:6:Error_Handler	4	static,ignoring_inline_asm
