../Core/Src/main.c:214:5:_write	24	static
../Core/Src/main.c:221:6:get_time	16	static
../Core/Src/main.c:234:6:showCurrentTime	8	static
../Core/Src/main.c:242:6:lcd_clear	8	static
../Core/Src/main.c:246:9:readFlash	24	static
../Core/Src/main.c:254:19:update_nvitems	72	static
../Core/Src/main.c:300:6:HAL_TIM_PeriodElapsedCallback	16	static
../Core/Src/main.c:307:6:timeDisplay	24	static
../Core/Src/main.c:351:19:joyStick_btn_chk	8	static
../Core/Src/main.c:374:6:time_set_mode	16	static
../Core/Src/main.c:493:6:alarm_set_mode	16	static
../Core/Src/main.c:607:6:init_getFlashTime	8	static
../Core/Src/main.c:618:6:init_getFlashAlarm	8	static
../Core/Src/main.c:635:5:main	8	static
../Core/Src/main.c:721:6:SystemClock_Config	88	static
../Core/Src/main.c:767:13:MX_NVIC_Init	8	static
../Core/Src/main.c:791:13:MX_ADC1_Init	24	static
../Core/Src/main.c:852:13:MX_ETH_Init	8	static
../Core/Src/main.c:901:13:MX_I2C1_Init	8	static
../Core/Src/main.c:949:13:MX_RTC_Init	72	static
../Core/Src/main.c:1033:13:MX_TIM3_Init	32	static
../Core/Src/main.c:1078:13:MX_USART3_UART_Init	8	static
../Core/Src/main.c:1111:13:MX_USB_OTG_FS_PCD_Init	8	static
../Core/Src/main.c:1144:13:MX_DMA_Init	16	static
../Core/Src/main.c:1162:13:MX_GPIO_Init	56	static
../Core/Src/main.c:1224:6:HAL_GPIO_EXTI_Callback	16	static
../Core/Src/main.c:1259:6:HAL_RTC_AlarmAEventCallback	16	static
../Core/Src/main.c:1442:6:Error_Handler	4	static,ignoring_inline_asm
