../Core/Src/main.c:88:5:_write	24	static
../Core/Src/main.c:93:6:get_time	40	static
../Core/Src/main.c:110:5:main	8	static
../Core/Src/main.c:182:6:SystemClock_Config	88	static
../Core/Src/main.c:226:13:MX_NVIC_Init	8	static
../Core/Src/main.c:240:13:MX_ADC1_Init	24	static
../Core/Src/main.c:297:13:MX_ETH_Init	8	static
../Core/Src/main.c:345:13:MX_I2C1_Init	8	static
../Core/Src/main.c:390:13:MX_RTC_Init	32	static
../Core/Src/main.c:449:13:MX_USART3_UART_Init	8	static
../Core/Src/main.c:480:13:MX_USB_OTG_FS_PCD_Init	8	static
../Core/Src/main.c:511:13:MX_DMA_Init	16	static
../Core/Src/main.c:528:13:MX_GPIO_Init	56	static
../Core/Src/main.c:590:6:HAL_GPIO_EXTI_Callback	16	static
../Core/Src/main.c:604:6:Error_Handler	4	static,ignoring_inline_asm
