../Core/Src/main.c:228:5:main	8	static
../Core/Src/main.c:315:6:SystemClock_Config	88	static
../Core/Src/main.c:361:13:MX_NVIC_Init	8	static
../Core/Src/main.c:388:13:MX_ADC1_Init	24	static
../Core/Src/main.c:449:13:MX_ETH_Init	8	static
../Core/Src/main.c:498:13:MX_I2C1_Init	8	static
../Core/Src/main.c:546:13:MX_RTC_Init	72	static
../Core/Src/main.c:630:13:MX_TIM2_Init	32	static
../Core/Src/main.c:675:13:MX_TIM3_Init	64	static
../Core/Src/main.c:734:13:MX_USART2_UART_Init	8	static
../Core/Src/main.c:767:13:MX_USART3_UART_Init	8	static
../Core/Src/main.c:800:13:MX_USB_OTG_FS_PCD_Init	8	static
../Core/Src/main.c:833:13:MX_DMA_Init	16	static
../Core/Src/main.c:851:13:MX_GPIO_Init	56	static
../Core/Src/main.c:913:6:HAL_GPIO_EXTI_Callback	16	static
../Core/Src/main.c:944:6:HAL_RTC_AlarmAEventCallback	24	static
../Core/Src/main.c:956:6:HAL_TIM_PeriodElapsedCallback	16	static
../Core/Src/main.c:960:6:HAL_UART_RxCpltCallback	16	static
../Core/Src/main.c:1020:5:_write	24	static
../Core/Src/main.c:1025:9:readFlash	24	static
../Core/Src/main.c:1033:6:init_getFlash	8	static
../Core/Src/main.c:1054:6:lcd_clear	8	static
../Core/Src/main.c:1058:6:get_time	16	static
../Core/Src/main.c:1069:6:showCurrentTime	8	static
../Core/Src/main.c:1077:6:timeDisplay	24	static
../Core/Src/main.c:1122:19:joyStick_btn_chk	8	static
../Core/Src/main.c:1147:19:update_nvitems	72	static
../Core/Src/main.c:1189:6:time_set_mode	16	static
../Core/Src/main.c:1417:6:alarm_set_mode	16	static
../Core/Src/main.c:1642:6:music_set_mode	24	static
../Core/Src/main.c:1725:6:melodyPlay	24	static
../Core/Src/main.c:1748:6:musicDisplay	48	static
../Core/Src/main.c:1760:6:musicSelect	24	static
../Core/Src/main.c:1795:19:key_value_check	4	static
../Core/Src/main.c:1822:6:Error_Handler	4	static,ignoring_inline_asm
