../Core/Src/main.c:201:5:_write	24	static
../Core/Src/main.c:209:6:get_time	16	static
../Core/Src/main.c:224:6:showCurrentTime	8	static
../Core/Src/main.c:234:6:lcd_clear	8	static
../Core/Src/main.c:238:9:readFlash	24	static
../Core/Src/main.c:246:19:update_nvitems	72	static
../Core/Src/main.c:291:6:HAL_TIM_PeriodElapsedCallback	16	static
../Core/Src/main.c:298:6:timeDisplay	24	static
../Core/Src/main.c:332:19:joyStick_btn_chk	8	static
../Core/Src/main.c:355:6:time_set_mode	16	static
../Core/Src/main.c:487:5:main	40	static
../Core/Src/main.c:610:6:SystemClock_Config	88	static
../Core/Src/main.c:654:13:MX_NVIC_Init	8	static
../Core/Src/main.c:674:13:MX_ADC1_Init	24	static
../Core/Src/main.c:731:13:MX_ETH_Init	8	static
../Core/Src/main.c:779:13:MX_I2C1_Init	8	static
../Core/Src/main.c:824:13:MX_RTC_Init	32	static
../Core/Src/main.c:884:13:MX_TIM3_Init	32	static
../Core/Src/main.c:926:13:MX_USART3_UART_Init	8	static
../Core/Src/main.c:957:13:MX_USB_OTG_FS_PCD_Init	8	static
../Core/Src/main.c:988:13:MX_DMA_Init	16	static
../Core/Src/main.c:1005:13:MX_GPIO_Init	56	static
../Core/Src/main.c:1067:6:HAL_GPIO_EXTI_Callback	16	static
../Core/Src/main.c:1286:6:Error_Handler	4	static,ignoring_inline_asm
