../Core/Src/main.c:67:5:_write	24	static
../Core/Src/main.c:79:6:HAL_GPIO_EXTI_Callback	16	static
../Core/Src/main.c:120:5:main	8	static
../Core/Src/main.c:170:6:SystemClock_Config	88	static
../Core/Src/main.c:212:13:MX_NVIC_Init	8	static
../Core/Src/main.c:226:13:MX_ETH_Init	8	static
../Core/Src/main.c:274:13:MX_USART3_UART_Init	8	static
../Core/Src/main.c:305:13:MX_USB_OTG_FS_PCD_Init	8	static
../Core/Src/main.c:338:13:MX_GPIO_Init	56	static
../Core/Src/main.c:402:6:Error_Handler	4	static,ignoring_inline_asm
