../Core/Src/main.c:101:5:main	8	static
../Core/Src/main.c:202:6:SystemClock_Config	88	static
../Core/Src/main.c:248:13:MX_ETH_Init	8	static
../Core/Src/main.c:297:13:MX_USART3_UART_Init	8	static
../Core/Src/main.c:330:13:MX_GPIO_Init	56	static
../Core/Src/main.c:391:6:StartDefaultTask	16	static
../Core/Src/main.c:410:6:StartTask02	16	static
../Core/Src/main.c:429:6:StartTask03	16	static
../Core/Src/main.c:449:6:HAL_TIM_PeriodElapsedCallback	16	static
../Core/Src/main.c:466:6:Error_Handler	4	static,ignoring_inline_asm
