20:40:06 **** Incremental Build of configuration Debug for project bluetooth_alarm ****
make -j8 all 
arm-none-eabi-gcc "../Core/Src/main.c" -mcpu=cortex-m4 -std=gnu11 -g3 -DDEBUG -DUSE_HAL_DRIVER -DSTM32F429xx -c -I../Core/Inc -I../Drivers/STM32F4xx_HAL_Driver/Inc -I../Drivers/STM32F4xx_HAL_Driver/Inc/Legacy -I../Drivers/CMSIS/Device/ST/STM32F4xx/Include -I../Drivers/CMSIS/Include -O0 -ffunction-sections -fdata-sections -Wall -fstack-usage -fcyclomatic-complexity -MMD -MP -MF"Core/Src/main.d" -MT"Core/Src/main.o" --specs=nano.specs -mfpu=fpv4-sp-d16 -mfloat-abi=hard -mthumb -o "Core/Src/main.o"
../Core/Src/main.c: In function 'showCurrentTime':
../Core/Src/main.c:227:9: warning: implicit declaration of function 'LCD_SendCommand' [-Wimplicit-function-declaration]
  227 |         LCD_SendCommand(LCD_ADDR, 0b10000000);
      |         ^~~~~~~~~~~~~~~
../Core/Src/main.c:228:9: warning: implicit declaration of function 'LCD_SendString' [-Wimplicit-function-declaration]
  228 |         LCD_SendString(LCD_ADDR, "Current Time");
      |         ^~~~~~~~~~~~~~
../Core/Src/main.c: In function 'update_nvitems':
../Core/Src/main.c:277:25: warning: assignment to 'uint32_t' {aka 'long unsigned int'} from 'uint8_t *' {aka 'unsigned char *'} makes integer from pointer without a cast [-Wint-conversion]
  277 |                 Address = (uint8_t*) nv_items + i;
      |                         ^
../Core/Src/main.c:281:33: warning: format '%ld' expects argument of type 'long int', but argument 2 has type 'uint64_t' {aka 'long long unsigned int'} [-Wformat=]
  281 |                 printf("DATA: %ld\r\n", Data);
      |                               ~~^       ~~~~
      |                                 |       |
      |                                 |       uint64_t {aka long long unsigned int}
      |                                 long int
      |                               %lld
../Core/Src/main.c: In function 'joyStick_btn_chk':
../Core/Src/main.c:384:24: warning: format '%d' expects argument of type 'int', but argument 2 has type 'uint32_t' {aka 'long unsigned int'} [-Wformat=]
  384 |         printf("xy[0]=%d xy[1]=%d\r\n", xy[0], xy[1]);
      |                       ~^                ~~~~~
      |                        |                  |
      |                        int                uint32_t {aka long unsigned int}
      |                       %ld
../Core/Src/main.c:384:33: warning: format '%d' expects argument of type 'int', but argument 3 has type 'uint32_t' {aka 'long unsigned int'} [-Wformat=]
  384 |         printf("xy[0]=%d xy[1]=%d\r\n", xy[0], xy[1]);
      |                                ~^              ~~~~~
      |                                 |                |
      |                                 int              uint32_t {aka long unsigned int}
      |                                %ld
../Core/Src/main.c: In function 'time_set_mode':
../Core/Src/main.c:405:27: warning: variable 't_button' set but not used [-Wunused-but-set-variable]
  405 |         enum CLOCK_BUTTON t_button;
      |                           ^~~~~~~~
../Core/Src/main.c: In function 'update_nvitems':
../Core/Src/main.c:290:1: warning: control reaches end of non-void function [-Wreturn-type]
  290 | }
      | ^
../Core/Src/main.c: In function 'joyStick_btn_chk':
../Core/Src/main.c:401:1: warning: control reaches end of non-void function [-Wreturn-type]
  401 | }
      | ^
At top level:
../Core/Src/main.c:169:31: warning: 'EraseInitStruct' defined but not used [-Wunused-variable]
  169 | static FLASH_EraseInitTypeDef EraseInitStruct;
      |                               ^~~~~~~~~~~~~~~
arm-none-eabi-gcc -o "bluetooth_alarm.elf" @"objects.list"   -mcpu=cortex-m4 -T"C:\Users\entwu\STM32CubeIDE\mini-projects-with-stm32f429\bluetooth_alarm\STM32F429ZITX_FLASH.ld" --specs=nosys.specs -Wl,-Map="bluetooth_alarm.map" -Wl,--gc-sections -static --specs=nano.specs -mfpu=fpv4-sp-d16 -mfloat-abi=hard -mthumb -Wl,--start-group -lc -lm -Wl,--end-group
Finished building target: bluetooth_alarm.elf
 
arm-none-eabi-size   bluetooth_alarm.elf 
arm-none-eabi-objdump -h -S  bluetooth_alarm.elf  > "bluetooth_alarm.list"
   text	   data	    bss	    dec	    hex	filename
  35740	    228	   4236	  40204	   9d0c	bluetooth_alarm.elf
Finished building: default.size.stdout
 
Finished building: bluetooth_alarm.list
 

20:40:07 Build Finished. 0 errors, 10 warnings. (took 1s.277ms)

